*.1abab.ru
*.2ip.io
*.2ip.ru
*.addr.tools
*.afternic.com
*.appkp.cc
*.autodesk.com
*.bblcdn.com
*.bing.com
*.bolt.new
*.bookstackapp.com
*.browserleaks.com
*.brevo.com
*.canon
*.canon.global
*.cdn-telegram.org
*.cdn-telegram.org
*.cdninstagram.com
*.cdntogo.net
*.chatgpt.com
*.circlecrewpinkcrowd.com
*.citrix.com
*.claude.ai
*.comments.app
*.contest.com
*.corsfix.com
*.deepseek.com
*.dnsleaktest.com
*.drivvo.com
*.dub.sh
*.esphome.io
*.facebook.com
*.facebook.net
*.fb.com
*.fbcdn.net
*.fbsbx.com
*.filmix.ac
*.filmix.biz
*.filmix.day
*.filmix.fan
*.filmix.fm
*.filmix.la
*.fragment.com
*.getoutline.org
*.ggpht.com
*.google.dev
*.googlevideo.com
*.grafana.com
*.graph.org
*.heltec.org
*.hop.earth
*.ig.me
*.immich.app
*.instagram.com
*.internalfb.com
*.jnn-pa.googleapis.com
*.kali.org
*.kino.pub
*.kino.watch
*.lensguru.com
*.live.com
*.meta.com
*.microsoft.com
*.microsoft365.com
*.mydockfinder.com
*.myip.addr.tools
*.netflix.com
*.netis.com
*.oaistatic.com
*.oculus.com
*.omnihuman.design
*.openai.com
*.opentopomap.org
*.openwrt.org
*.Perses.dev
*.planetka-secure.ru
*.pushbr.com
*.ramensoftware.com
*.rebrand.ly
*.returnyoutubedislikeapi.com
*.sam3d.org
*.stackblitz.com
*.t.me
*.t.me
*.tdesktop.com
*.telega.one
*.telegra.ph
*.telegra.ph
*.telegram-cdn.org
*.telegram.dog
*.telegram.me
*.telegram.org
*.telegram.org
*.telegram.space
*.telesco.pe
*.tg.dev
*.threads.net
*.tuya.com
*.tuyaeu.com
*.tx.me
*.usercontent.dev
*.wa.me
*.webstudio.is
*.whatsapp.biz
*.whatsapp.com
*.whatsapp.net
*.wide-youtube.l.google.com
*.windhawk.net
*.wled.me
*.youtu.be
*.youtube-nocookie.com
*.youtube-ui.l.google.com
*.youtube.com
*.youtubeembeddedplayer.googleapis.com
*.youtubei.googleapis.com
*.youtubekids.com
*.yt-video-upload.l.google.com
*.yt.be
*.yt3.googleusercontent.com
*.yting.com
*.ytimg.com
*.ytimg.l.google.com